line 1
line 1
line 1
line 1
line 1
line 1
line 1
line 1
